Godot Engine v4.7.1.stable.official.a13da4feb - https://godotengine.org

[   0% ] [90m[1mfirst_scan_filesystem[22m | Started 프로젝트 초기화 (5 steps)[39m[0m
[   0% ] [90m[1mfirst_scan_filesystem[22m | 파일 구조 스캔 중...[39m[0m
[  16% ] [90m[1mfirst_scan_filesystem[22m | 전역 클래스 이름을 불러오는 중...[39m[0m
[  33% ] [90m[1mfirst_scan_filesystem[22m | GDExtensions 검증 중...[39m[0m
[  50% ] [90m[1mfirst_scan_filesystem[22m | 오토로드 스크립트를 만드는 중...[39m[0m
[  66% ] [90m[1mfirst_scan_filesystem[22m | 플러그인을 초기화 중...[39m[0m
[  83% ] [90m[1mfirst_scan_filesystem[22m | 파일 스캔 시작 중...[39m[0m
[92m[ DONE ][39m [1mfirst_scan_filesystem[22m
[0m
[   0% ] [90m[1m_update_scan_actions[22m | Started 액션 스캔 중... (20 steps)[39m[0m
[   0% ] [90m[1m_update_scan_actions[22m | CMP20_CBT_03_Match_Team4v4.png[39m[0m
[   4% ] [90m[1m_update_scan_actions[22m | CMP20_SCR_03_Lobby.png[39m[0m
[   9% ] [90m[1m_update_scan_actions[22m | CMP20_SCR_13_CharacterSelect.png[39m[0m
[  14% ] [90m[1m_update_scan_actions[22m | review-01.jpg[39m[0m
[  19% ] [90m[1m_update_scan_actions[22m | review-02.jpg[39m[0m
[  23% ] [90m[1m_update_scan_actions[22m | review-03.jpg[39m[0m
[  28% ] [90m[1m_update_scan_actions[22m | review-04.jpg[39m[0m
[  33% ] [90m[1m_update_scan_actions[22m | review-05.jpg[39m[0m
[  38% ] [90m[1m_update_scan_actions[22m | review-06.jpg[39m[0m
[  42% ] [90m[1m_update_scan_actions[22m | review-07.jpg[39m[0m
[  47% ] [90m[1m_update_scan_actions[22m | review-08.jpg[39m[0m
[  52% ] [90m[1m_update_scan_actions[22m | review-09.jpg[39m[0m
[  57% ] [90m[1m_update_scan_actions[22m | STATE_CancelMatch.png[39m[0m
[  61% ] [90m[1m_update_scan_actions[22m | STATE_ConnectionError.png[39m[0m
[  66% ] [90m[1m_update_scan_actions[22m | STATE_Countdown.png[39m[0m
[  71% ] [90m[1m_update_scan_actions[22m | STATE_EmptyList.png[39m[0m
[  76% ] [90m[1m_update_scan_actions[22m | STATE_OnlineMenu.png[39m[0m
[  80% ] [90m[1m_update_scan_actions[22m | STATE_SelectionRequired.png[39m[0m
[  85% ] [90m[1m_update_scan_actions[22m | STATE_SettingsReset.png[39m[0m
[  90% ] [90m[1m_update_scan_actions[22m | touch-layout.csv[39m[0m
[92m[ DONE ][39m [1m_update_scan_actions[22m
[0m
[   0% ] [90m[1mreimport[22m | Started 애셋 (다시) 가져오는 중 (19 steps)[39m[0m
[   0% ] [90m[1mreimport[22m | 다시 가져올 파일을 준비 중...[39m[0m
[   5% ] [90m[1mreimport[22m | 다시 가져올 파일을 준비 중...[39m[0m
[  10% ] [90m[1mreimport[22m | 다시 가져올 파일을 준비 중...[39m[0m
[  15% ] [90m[1mreimport[22m | 다시 가져올 파일을 준비 중...[39m[0m
[  20% ] [90m[1mreimport[22m | 다시 가져올 파일을 준비 중...[39m[0m
[  25% ] [90m[1mreimport[22m | 다시 가져올 파일을 준비 중...[39m[0m
[  30% ] [90m[1mreimport[22m | 다시 가져올 파일을 준비 중...[39m[0m
[  35% ] [90m[1mreimport[22m | 다시 가져올 파일을 준비 중...[39m[0m
[  40% ] [90m[1mreimport[22m | 다시 가져올 파일을 준비 중...[39m[0m
[  45% ] [90m[1mreimport[22m | 다시 가져올 파일을 준비 중...[39m[0m
[  50% ] [90m[1mreimport[22m | 다시 가져올 파일을 준비 중...[39m[0m
[  55% ] [90m[1mreimport[22m | 다시 가져올 파일을 준비 중...[39m[0m
[  60% ] [90m[1mreimport[22m | 다시 가져올 파일을 준비 중...[39m[0m
[  65% ] [90m[1mreimport[22m | 다시 가져올 파일을 준비 중...[39m[0m
[  70% ] [90m[1mreimport[22m | 다시 가져올 파일을 준비 중...[39m[0m
[  75% ] [90m[1mreimport[22m | 다시 가져올 파일을 준비 중...[39m[0m
[  80% ] [90m[1mreimport[22m | 다시 가져올 파일을 준비 중...[39m[0m
[  85% ] [90m[1mreimport[22m | 다시 가져올 파일을 준비 중...[39m[0m
[  90% ] [90m[1mreimport[22m | 다시 가져올 파일을 준비 중...[39m[0m
[   0% ] [90m[1mreimport[22m | 다시 가져오기 전 작업을 수행 중...[39m[0m
[   0% ] [90m[1mreimport[22m | STATE_SettingsReset.png[39m[0m
[   5% ] [90m[1mreimport[22m | STATE_SelectionRequired.png[39m[0m
[  10% ] [90m[1mreimport[22m | STATE_OnlineMenu.png[39m[0m
[  15% ] [90m[1mreimport[22m | STATE_EmptyList.png[39m[0m
[  20% ] [90m[1mreimport[22m | STATE_Countdown.png[39m[0m
[  25% ] [90m[1mreimport[22m | STATE_ConnectionError.png[39m[0m
[  30% ] [90m[1mreimport[22m | STATE_CancelMatch.png[39m[0m
[  35% ] [90m[1mreimport[22m | review-09.jpg[39m[0m
[  40% ] [90m[1mreimport[22m | review-08.jpg[39m[0m
[  45% ] [90m[1mreimport[22m | review-07.jpg[39m[0m
[  50% ] [90m[1mreimport[22m | review-06.jpg[39m[0m
[  55% ] [90m[1mreimport[22m | review-05.jpg[39m[0m
[  60% ] [90m[1mreimport[22m | review-04.jpg[39m[0m
[  65% ] [90m[1mreimport[22m | review-03.jpg[39m[0m
[  70% ] [90m[1mreimport[22m | review-02.jpg[39m[0m
[  75% ] [90m[1mreimport[22m | review-01.jpg[39m[0m
[  80% ] [90m[1mreimport[22m | CMP20_SCR_13_CharacterSelect.png[39m[0m
[  85% ] [90m[1mreimport[22m | CMP20_SCR_03_Lobby.png[39m[0m
[  90% ] [90m[1mreimport[22m | CMP20_CBT_03_Match_Team4v4.png[39m[0m
[  95% ] [90m[1mreimport[22m | 애셋 가져오기 마무리 중...[39m[0m
[92m[ DONE ][39m [1mreimport[22m
[0m
[   0% ] [90m[1mreimport[22m | Started 애셋 (다시) 가져오는 중 (19 steps)[39m[0m
[   0% ] [90m[1mreimport[22m | 다시 가져오기 후 작업을 수행 중...[39m[0m
[92m[ DONE ][39m [1mreimport[22m
[0m
[   0% ] [90m[1mloading_editor_layout[22m | Started 편집기를 불러오는 중 (5 steps)[39m[0m
[   0% ] [90m[1mloading_editor_layout[22m | 편집기 레이아웃을 불러오는 중...[39m[0m
[  16% ] [90m[1mloading_editor_layout[22m | 독을 불러오는 중...[39m[0m
[  33% ] [90m[1mloading_editor_layout[22m | 씬을 다시 여는 중...[39m[0m
[  50% ] [90m[1mloading_editor_layout[22m | 중앙 편집기 레이아웃을 불러오는 중...[39m[0m
[  66% ] [90m[1mloading_editor_layout[22m | 플러그인 창 레이아웃을 불러오는 중...[39m[0m
[  83% ] [90m[1mloading_editor_layout[22m | 편집기 레이아웃이 준비되었습니다.[39m[0m
[92m[ DONE ][39m [1mloading_editor_layout[22m
[0m
Godot Engine v4.7.1.stable.official.a13da4feb - https://godotengine.org

FOREST_ARENA_TOUCH action=jump edge=press pointer=10
FOREST_ARENA_TOUCH action=jump edge=press pointer=11
FOREST_ARENA_TOUCH action=move_right edge=press pointer=12
FOREST_ARENA_TOUCH action=jump edge=release pointer=10
FOREST_ARENA_TOUCH action=jump edge=release pointer=11
FOREST_ARENA_TOUCH action=move_right edge=release pointer=12
PHASE0_SMOKE: PASS
Godot Engine v4.7.1.stable.official.a13da4feb - https://godotengine.org

PHASE1_COMBAT_CONTRACT: PASS
Godot Engine v4.7.1.stable.official.a13da4feb - https://godotengine.org

PHASE1_COMBAT_BEHAVIOR: PASS
Godot Engine v4.7.1.stable.official.a13da4feb - https://godotengine.org

PHASE1_MATCH_RULES: PASS
Godot Engine v4.7.1.stable.official.a13da4feb - https://godotengine.org

PHASE1_DETERMINISM: PASS 0d9041cd55802dbcd3852c179a3689e17bdd328a919d59311a1a634d7999f907
Godot Engine v4.7.1.stable.official.a13da4feb - https://godotengine.org

FOREST_ARENA_TOUCH action=move_up edge=press pointer=21
FOREST_ARENA_TOUCH action=dash edge=press pointer=22
FOREST_ARENA_TOUCH action=move_up edge=release pointer=21
FOREST_ARENA_TOUCH action=dash edge=release pointer=22
FOREST_ARENA_TOUCH action=move_left edge=press pointer=20
FOREST_ARENA_TOUCH action=move_left edge=release pointer=20
FOREST_ARENA_TOUCH action=move_right edge=press pointer=20
FOREST_ARENA_TOUCH action=move_right edge=release pointer=20
PHASE1_INPUT_UI: PASS
Godot Engine v4.7.1.stable.official.a13da4feb - https://godotengine.org

Phase 2 loadout contract passed.
Godot Engine v4.7.1.stable.official.a13da4feb - https://godotengine.org

Phase 2 runtime wiring passed.
Godot Engine v4.7.1.stable.official.a13da4feb - https://godotengine.org

COMBAT_OVERHAUL_CONTRACT: PASS
Godot Engine v4.7.1.stable.official.a13da4feb - https://godotengine.org

CHARACTER_DATA_CONTRACT: PASS
Godot Engine v4.7.1.stable.official.a13da4feb - https://godotengine.org

CHARACTER_APPEARANCE_CONTRACT: PASS
Godot Engine v4.7.1.stable.official.a13da4feb - https://godotengine.org

CHARACTER_MOTION_CONTRACT: PASS
Godot Engine v4.7.1.stable.official.a13da4feb - https://godotengine.org

CHARACTER_ATTACK_MOTION_CONTRACT: PASS
Godot Engine v4.7.1.stable.official.a13da4feb - https://godotengine.org

COMBAT_CONCEPT_CONTRACT: PASS
Godot Engine v4.7.1.stable.official.a13da4feb - https://godotengine.org

UI_DESIGN_CONTRACT: PASS
OK: 345 logical assets
Quality-dependent assets: 23 (high/medium/low)
verify-docs: PASS
- 목적별 7개 문서 폴더와 중앙 색인 확인
- 이전 경로, 쉬운 문장 규칙과 상대 링크 확인
verify-harness: PASS
- 14 active roles from team spec
- Korean skill structure, merged ownership, dynamic roster, resource, approval and online gates
Forest Arena verification passed.
